
  .   ____          _            __ _ _
 /\\ / ___'_ __ _ _(_)_ __  __ _ \ \ \ \
( ( )\___ | '_ | '_| | '_ \/ _` | \ \ \ \
 \\/  ___)| |_)| | | | | || (_| |  ) ) ) )
  '  |____| .__|_| |_|_| |_\__, | / / / /
 =========|_|==============|___/=/_/_/_/
 :: Spring Boot ::       (v2.3.12.RELEASE)

2026-05-03 09:48:52.373  INFO 22144 --- [           main] com.hmdp.HmDianPingApplication           : Starting HmDianPingApplication v0.0.1-SNAPSHOT on DESKTOP-GATE58A with PID 22144 (D:\redis_resources\hm-dianping\target\hm-dianping-0.0.1-SNAPSHOT.jar started by Lenovo in D:\redis_resources\hm-dianping)
2026-05-03 09:48:52.377 DEBUG 22144 --- [           main] com.hmdp.HmDianPingApplication           : Running with Spring Boot v2.3.12.RELEASE, Spring v5.2.15.RELEASE
2026-05-03 09:48:52.379  INFO 22144 --- [           main] com.hmdp.HmDianPingApplication           : No active profile set, falling back to default profiles: default
2026-05-03 09:48:53.321  INFO 22144 --- [           main] .s.d.r.c.RepositoryConfigurationDelegate : Multiple Spring Data modules found, entering strict repository configuration mode!
2026-05-03 09:48:53.324  INFO 22144 --- [           main] .s.d.r.c.RepositoryConfigurationDelegate : Bootstrapping Spring Data Redis repositories in DEFAULT mode.
2026-05-03 09:48:53.360  INFO 22144 --- [           main] .s.d.r.c.RepositoryConfigurationDelegate : Finished Spring Data repository scanning in 20ms. Found 0 Redis repository interfaces.
WARNING: A restricted method in java.lang.System has been called
WARNING: java.lang.System::load has been called by org.apache.tomcat.jni.Library in an unnamed module (jar:file:/D:/redis_resources/hm-dianping/target/hm-dianping-0.0.1-SNAPSHOT.jar!/BOOT-INF/lib/tomcat-embed-core-9.0.46.jar!/)
WARNING: Use --enable-native-access=ALL-UNNAMED to avoid a warning for callers in this module
WARNING: Restricted methods will be blocked in a future release unless native access is enabled

2026-05-03 09:48:54.305  INFO 22144 --- [           main] o.s.b.w.embedded.tomcat.TomcatWebServer  : Tomcat initialized with port(s): 8082 (http)
2026-05-03 09:48:54.323  INFO 22144 --- [           main] o.apache.catalina.core.StandardService   : Starting service [Tomcat]
2026-05-03 09:48:54.323  INFO 22144 --- [           main] org.apache.catalina.core.StandardEngine  : Starting Servlet engine: [Apache Tomcat/9.0.46]
2026-05-03 09:48:54.403  INFO 22144 --- [           main] o.a.c.c.C.[Tomcat].[localhost].[/]       : Initializing Spring embedded WebApplicationContext
2026-05-03 09:48:54.403  INFO 22144 --- [           main] w.s.c.ServletWebServerApplicationContext : Root WebApplicationContext: initialization completed in 1922 ms
WARNING: A terminally deprecated method in sun.misc.Unsafe has been called
WARNING: sun.misc.Unsafe::objectFieldOffset has been called by io.netty.util.internal.PlatformDependent0$3 (jar:file:/D:/redis_resources/hm-dianping/target/hm-dianping-0.0.1-SNAPSHOT.jar!/BOOT-INF/lib/netty-common-4.1.65.Final.jar!/)
WARNING: Please consider reporting this to the maintainers of class io.netty.util.internal.PlatformDependent0$3
WARNING: sun.misc.Unsafe::objectFieldOffset will be removed in a future release
Loading class `com.mysql.jdbc.Driver'. This is deprecated. The new driver class is `com.mysql.cj.jdbc.Driver'. The driver is automatically registered via the SPI and manual loading of the driver class is generally unnecessary.
2026-05-03 09:48:56.178  WARN 22144 --- [           main] c.b.m.core.injector.AbstractMethod       : [com.hmdp.mapper.ShopTypeMapper.selectList] Has been loaded by XML or SqlProvider or Mybatis's Annotation, so ignoring this injection for [class com.baomidou.mybatisplus.core.injector.methods.SelectList]
 _ _   |_  _ _|_. ___ _ |    _ 
| | |\/|_)(_| | |_\  |_)||_|_\ 
     /               |         
                        3.4.3 
2026-05-03 09:48:58.878  INFO 22144 --- [           main] o.s.b.w.embedded.tomcat.TomcatWebServer  : Tomcat started on port(s): 8082 (http) with context path ''
2026-05-03 09:48:58.881  INFO 22144 --- [           main] o.s.a.r.c.CachingConnectionFactory       : Attempting to connect to: [192.168.149.128:5672]
2026-05-03 09:48:58.995  INFO 22144 --- [           main] o.s.a.r.c.CachingConnectionFactory       : Created new connection: rabbitConnectionFactory#45394b31:0/SimpleConnection@2dddc1b9 [delegate=amqp://admin@192.168.149.128:5672/, localPort= 64409]
2026-05-03 09:48:59.191  INFO 22144 --- [           main] com.hmdp.HmDianPingApplication           : Started HmDianPingApplication in 7.344 seconds (JVM running for 7.778)
2026-05-03 09:48:59.499  INFO 22144 --- [nio-8082-exec-6] o.a.c.c.C.[Tomcat].[localhost].[/]       : Initializing Spring DispatcherServlet 'dispatcherServlet'
2026-05-03 09:48:59.499  INFO 22144 --- [nio-8082-exec-6] o.s.web.servlet.DispatcherServlet        : Initializing Servlet 'dispatcherServlet'
2026-05-03 09:48:59.512  INFO 22144 --- [nio-8082-exec-6] o.s.web.servlet.DispatcherServlet        : Completed initialization in 13 ms
2026-05-03 09:48:59.545  INFO 22144 --- [nio-8082-exec-6] com.hmdp.utils.RefreshTokenInterceptor   : token is null
2026-05-03 09:49:00.417  INFO 22144 --- [nio-8082-exec-2] com.hmdp.utils.RefreshTokenInterceptor   : token is null
2026-05-03 09:49:05.343  INFO 22144 --- [nio-8082-exec-9] com.hmdp.utils.RefreshTokenInterceptor   : token is null
^C